[2025-05-22T18:43:39.580Z] [ERROR] [GenKit] ERROR: Port 3100 is already in use, using next available port 3101 instead.

[2025-05-22T18:43:43.540Z] [ERROR] [Next.js] ERROR:  [31m[1m⨯[22m[39m ReferenceError: handleCachedSeriesSelect is not defined
    at ChatWindow (src/components/chat/ChatWindow.tsx:625:42)
[0m [90m 623 |[39m           [33m<[39m[33mdiv[39m className[33m=[39m[32m"p-1"[39m[33m>[39m[0m
[0m [90m 624 |[39m             [33m<[39m[33mp[39m className[33m=[39m[32m"mb-4 text-sm text-muted-foreground"[39m[33m>[39m{apiErrorMessage}[33m<[39m[33m/[39m[33mp[39m[33m>[39m[0m
[0m[31m[1m>[22m[39m[90m 625 |[39m             [33m<[39m[33mCachedSeriesPicker[39m onSelect[33m=[39m{handleCachedSeriesSelect} [33m/[39m[33m>[39m[0m
[0m [90m     |[39m                                          [31m[1m^[22m[39m[0m
[0m [90m 626 |[39m           [33m<[39m[33m/[39m[33mdiv[39m[33m>[39m[0m
[0m [90m 627 |[39m           [33m<[39m[33mDialogFooter[39m[33m>[39m[0m
[0m [90m 628 |[39m             [33m<[39m[33mButton[39m variant[33m=[39m[32m"outline"[39m onClick[33m=[39m{() [33m=>[39m setShowApiErrorDialog([36mfalse[39m)}[33m>[39m[0m {
  digest: [32m'503868172'[39m
}

[2025-05-22T18:43:43.557Z] [ERROR] [Next.js] ERROR:  [31m[1m⨯[22m[39m ReferenceError: handleCachedSeriesSelect is not defined
    at ChatWindow (src/components/chat/ChatWindow.tsx:625:42)
[0m [90m 623 |[39m           [33m<[39m[33mdiv[39m className[33m=[39m[32m"p-1"[39m[33m>[39m[0m
[0m [90m 624 |[39m             [33m<[39m[33mp[39m className[33m=[39m[32m"mb-4 text-sm text-muted-foreground"[39m[33m>[39m{apiErrorMessage}[33m<[39m[33m/[39m[33mp[39m[33m>[39m[0m
[0m[31m[1m>[22m[39m[90m 625 |[39m             [33m<[39m[33mCachedSeriesPicker[39m onSelect[33m=[39m{handleCachedSeriesSelect} [33m/[39m[33m>[39m[0m
[0m [90m     |[39m                                          [31m[1m^[22m[39m[0m
[0m [90m 626 |[39m           [33m<[39m[33m/[39m[33mdiv[39m[33m>[39m[0m
[0m [90m 627 |[39m           [33m<[39m[33mDialogFooter[39m[33m>[39m[0m
[0m [90m 628 |[39m             [33m<[39m[33mButton[39m variant[33m=[39m[32m"outline"[39m onClick[33m=[39m{() [33m=>[39m setShowApiErrorDialog([36mfalse[39m)}[33m>[39m[0m {
  digest: [32m'503868172'[39m
}

[2025-05-22T18:43:43.669Z] [ERROR] [Next.js] ERROR:  [31m[1m⨯[22m[39m ReferenceError: handleCachedSeriesSelect is not defined
    at ChatWindow (src/components/chat/ChatWindow.tsx:625:42)
[0m [90m 623 |[39m           [33m<[39m[33mdiv[39m className[33m=[39m[32m"p-1"[39m[33m>[39m[0m
[0m [90m 624 |[39m             [33m<[39m[33mp[39m className[33m=[39m[32m"mb-4 text-sm text-muted-foreground"[39m[33m>[39m{apiErrorMessage}[33m<[39m[33m/[39m[33mp[39m[33m>[39m[0m
[0m[31m[1m>[22m[39m[90m 625 |[39m             [33m<[39m[33mCachedSeriesPicker[39m onSelect[33m=[39m{handleCachedSeriesSelect} [33m/[39m[33m>[39m[0m
[0m [90m     |[39m                                          [31m[1m^[22m[39m[0m
[0m [90m 626 |[39m           [33m<[39m[33m/[39m[33mdiv[39m[33m>[39m[0m
[0m [90m 627 |[39m           [33m<[39m[33mDialogFooter[39m[33m>[39m[0m
[0m [90m 628 |[39m             [33m<[39m[33mButton[39m variant[33m=[39m[32m"outline"[39m onClick[33m=[39m{() [33m=>[39m setShowApiErrorDialog([36mfalse[39m)}[33m>[39m[0m {
  digest: [32m'503868172'[39m
}

[2025-05-22T18:43:44.717Z] [ERROR] [Next.js] ERROR:  [31m[1m⨯[22m[39m ReferenceError: handleCachedSeriesSelect is not defined
    at ChatWindow (src/components/chat/ChatWindow.tsx:625:42)
[0m [90m 623 |[39m           [33m<[39m[33mdiv[39m className[33m=[39m[32m"p-1"[39m[33m>[39m[0m
[0m [90m 624 |[39m             [33m<[39m[33mp[39m className[33m=[39m[32m"mb-4 text-sm text-muted-foreground"[39m[33m>[39m{apiErrorMessage}[33m<[39m[33m/[39m[33mp[39m[33m>[39m[0m
[0m[31m[1m>[22m[39m[90m 625 |[39m             [33m<[39m[33mCachedSeriesPicker[39m onSelect[33m=[39m{handleCachedSeriesSelect} [33m/[39m[33m>[39m[0m
[0m [90m     |[39m                                          [31m[1m^[22m[39m[0m
[0m [90m 626 |[39m           [33m<[39m[33m/[39m[33mdiv[39m[33m>[39m[0m
[0m [90m 627 |[39m           [33m<[39m[33mDialogFooter[39m[33m>[39m[0m
[0m [90m 628 |[39m             [33m<[39m[33mButton[39m variant[33m=[39m[32m"outline"[39m onClick[33m=[39m{() [33m=>[39m setShowApiErrorDialog([36mfalse[39m)}[33m>[39m[0m {
  digest: [32m'503868172'[39m
}

[2025-05-22T18:43:45.760Z] [ERROR] [Next.js] ERROR:  [31m[1m⨯[22m[39m ReferenceError: handleCachedSeriesSelect is not defined
    at ChatWindow (src/components/chat/ChatWindow.tsx:625:42)
[0m [90m 623 |[39m           [33m<[39m[33mdiv[39m className[33m=[39m[32m"p-1"[39m[33m>[39m[0m
[0m [90m 624 |[39m             [33m<[39m[33mp[39m className[33m=[39m[32m"mb-4 text-sm text-muted-foreground"[39m[33m>[39m{apiErrorMessage}[33m<[39m[33m/[39m[33mp[39m[33m>[39m[0m
[0m[31m[1m>[22m[39m[90m 625 |[39m             [33m<[39m[33mCachedSeriesPicker[39m onSelect[33m=[39m{handleCachedSeriesSelect} [33m/[39m[33m>[39m[0m
[0m [90m     |[39m                                          [31m[1m^[22m[39m[0m
[0m [90m 626 |[39m           [33m<[39m[33m/[39m[33mdiv[39m[33m>[39m[0m
[0m [90m 627 |[39m           [33m<[39m[33mDialogFooter[39m[33m>[39m[0m
[0m [90m 628 |[39m             [33m<[39m[33mButton[39m variant[33m=[39m[32m"outline"[39m onClick[33m=[39m{() [33m=>[39m setShowApiErrorDialog([36mfalse[39m)}[33m>[39m[0m {
  digest: [32m'503868172'[39m
}

[2025-05-22T18:43:46.804Z] [ERROR] [Next.js] ERROR:  [31m[1m⨯[22m[39m ReferenceError: handleCachedSeriesSelect is not defined
    at ChatWindow (src/components/chat/ChatWindow.tsx:625:42)
[0m [90m 623 |[39m           [33m<[39m[33mdiv[39m className[33m=[39m[32m"p-1"[39m[33m>[39m[0m
[0m [90m 624 |[39m             [33m<[39m[33mp[39m className[33m=[39m[32m"mb-4 text-sm text-muted-foreground"[39m[33m>[39m{apiErrorMessage}[33m<[39m[33m/[39m[33mp[39m[33m>[39m[0m
[0m[31m[1m>[22m[39m[90m 625 |[39m             [33m<[39m[33mCachedSeriesPicker[39m onSelect[33m=[39m{handleCachedSeriesSelect} [33m/[39m[33m>[39m[0m
[0m [90m     |[39m                                          [31m[1m^[22m[39m[0m
[0m [90m 626 |[39m           [33m<[39m[33m/[39m[33mdiv[39m[33m>[39m[0m
[0m [90m 627 |[39m           [33m<[39m[33mDialogFooter[39m[33m>[39m[0m
[0m [90m 628 |[39m             [33m<[39m[33mButton[39m variant[33m=[39m[32m"outline"[39m onClick[33m=[39m{() [33m=>[39m setShowApiErrorDialog([36mfalse[39m)}[33m>[39m[0m {
  digest: [32m'503868172'[39m
}

[2025-05-22T18:43:47.845Z] [ERROR] [Next.js] ERROR:  [31m[1m⨯[22m[39m ReferenceError: handleCachedSeriesSelect is not defined
    at ChatWindow (src/components/chat/ChatWindow.tsx:625:42)
[0m [90m 623 |[39m           [33m<[39m[33mdiv[39m className[33m=[39m[32m"p-1"[39m[33m>[39m[0m
[0m [90m 624 |[39m             [33m<[39m[33mp[39m className[33m=[39m[32m"mb-4 text-sm text-muted-foreground"[39m[33m>[39m{apiErrorMessage}[33m<[39m[33m/[39m[33mp[39m[33m>[39m[0m
[0m[31m[1m>[22m[39m[90m 625 |[39m             [33m<[39m[33mCachedSeriesPicker[39m onSelect[33m=[39m{handleCachedSeriesSelect} [33m/[39m[33m>[39m[0m
[0m [90m     |[39m                                          [31m[1m^[22m[39m[0m
[0m [90m 626 |[39m           [33m<[39m[33m/[39m[33mdiv[39m[33m>[39m[0m
[0m [90m 627 |[39m           [33m<[39m[33mDialogFooter[39m[33m>[39m[0m
[0m [90m 628 |[39m             [33m<[39m[33mButton[39m variant[33m=[39m[32m"outline"[39m onClick[33m=[39m{() [33m=>[39m setShowApiErrorDialog([36mfalse[39m)}[33m>[39m[0m {
  digest: [32m'503868172'[39m
}

[2025-05-22T18:43:48.886Z] [ERROR] [Next.js] ERROR:  [31m[1m⨯[22m[39m ReferenceError: handleCachedSeriesSelect is not defined
    at ChatWindow (src/components/chat/ChatWindow.tsx:625:42)
[0m [90m 623 |[39m           [33m<[39m[33mdiv[39m className[33m=[39m[32m"p-1"[39m[33m>[39m[0m
[0m [90m 624 |[39m             [33m<[39m[33mp[39m className[33m=[39m[32m"mb-4 text-sm text-muted-foreground"[39m[33m>[39m{apiErrorMessage}[33m<[39m[33m/[39m[33mp[39m[33m>[39m[0m
[0m[31m[1m>[22m[39m[90m 625 |[39m             [33m<[39m[33mCachedSeriesPicker[39m onSelect[33m=[39m{handleCachedSeriesSelect} [33m/[39m[33m>[39m[0m
[0m [90m     |[39m                                          [31m[1m^[22m[39m[0m
[0m [90m 626 |[39m           [33m<[39m[33m/[39m[33mdiv[39m[33m>[39m[0m
[0m [90m 627 |[39m           [33m<[39m[33mDialogFooter[39m[33m>[39m[0m
[0m [90m 628 |[39m             [33m<[39m[33mButton[39m variant[33m=[39m[32m"outline"[39m onClick[33m=[39m{() [33m=>[39m setShowApiErrorDialog([36mfalse[39m)}[33m>[39m[0m {
  digest: [32m'503868172'[39m
}

[2025-05-22T18:43:49.929Z] [ERROR] [Next.js] ERROR:  [31m[1m⨯[22m[39m ReferenceError: handleCachedSeriesSelect is not defined
    at ChatWindow (src/components/chat/ChatWindow.tsx:625:42)
[0m [90m 623 |[39m           [33m<[39m[33mdiv[39m className[33m=[39m[32m"p-1"[39m[33m>[39m[0m
[0m [90m 624 |[39m             [33m<[39m[33mp[39m className[33m=[39m[32m"mb-4 text-sm text-muted-foreground"[39m[33m>[39m{apiErrorMessage}[33m<[39m[33m/[39m[33mp[39m[33m>[39m[0m
[0m[31m[1m>[22m[39m[90m 625 |[39m             [33m<[39m[33mCachedSeriesPicker[39m onSelect[33m=[39m{handleCachedSeriesSelect} [33m/[39m[33m>[39m[0m
[0m [90m     |[39m                                          [31m[1m^[22m[39m[0m
[0m [90m 626 |[39m           [33m<[39m[33m/[39m[33mdiv[39m[33m>[39m[0m
[0m [90m 627 |[39m           [33m<[39m[33mDialogFooter[39m[33m>[39m[0m
[0m [90m 628 |[39m             [33m<[39m[33mButton[39m variant[33m=[39m[32m"outline"[39m onClick[33m=[39m{() [33m=>[39m setShowApiErrorDialog([36mfalse[39m)}[33m>[39m[0m {
  digest: [32m'503868172'[39m
}

[2025-05-22T18:43:50.970Z] [ERROR] [Next.js] ERROR:  [31m[1m⨯[22m[39m ReferenceError: handleCachedSeriesSelect is not defined
    at ChatWindow (src/components/chat/ChatWindow.tsx:625:42)
[0m [90m 623 |[39m           [33m<[39m[33mdiv[39m className[33m=[39m[32m"p-1"[39m[33m>[39m[0m
[0m [90m 624 |[39m             [33m<[39m[33mp[39m className[33m=[39m[32m"mb-4 text-sm text-muted-foreground"[39m[33m>[39m{apiErrorMessage}[33m<[39m[33m/[39m[33mp[39m[33m>[39m[0m
[0m[31m[1m>[22m[39m[90m 625 |[39m             [33m<[39m[33mCachedSeriesPicker[39m onSelect[33m=[39m{handleCachedSeriesSelect} [33m/[39m[33m>[39m[0m
[0m [90m     |[39m                                          [31m[1m^[22m[39m[0m
[0m [90m 626 |[39m           [33m<[39m[33m/[39m[33mdiv[39m[33m>[39m[0m
[0m [90m 627 |[39m           [33m<[39m[33mDialogFooter[39m[33m>[39m[0m
[0m [90m 628 |[39m             [33m<[39m[33mButton[39m variant[33m=[39m[32m"outline"[39m onClick[33m=[39m{() [33m=>[39m setShowApiErrorDialog([36mfalse[39m)}[33m>[39m[0m {
  digest: [32m'503868172'[39m
}

[2025-05-22T18:43:52.016Z] [ERROR] [Next.js] ERROR:  [31m[1m⨯[22m[39m ReferenceError: handleCachedSeriesSelect is not defined
    at ChatWindow (src/components/chat/ChatWindow.tsx:625:42)
[0m [90m 623 |[39m           [33m<[39m[33mdiv[39m className[33m=[39m[32m"p-1"[39m[33m>[39m[0m
[0m [90m 624 |[39m             [33m<[39m[33mp[39m className[33m=[39m[32m"mb-4 text-sm text-muted-foreground"[39m[33m>[39m{apiErrorMessage}[33m<[39m[33m/[39m[33mp[39m[33m>[39m[0m
[0m[31m[1m>[22m[39m[90m 625 |[39m             [33m<[39m[33mCachedSeriesPicker[39m onSelect[33m=[39m{handleCachedSeriesSelect} [33m/[39m[33m>[39m[0m
[0m [90m     |[39m                                          [31m[1m^[22m[39m[0m
[0m [90m 626 |[39m           [33m<[39m[33m/[39m[33mdiv[39m[33m>[39m[0m
[0m [90m 627 |[39m           [33m<[39m[33mDialogFooter[39m[33m>[39m[0m
[0m [90m 628 |[39m             [33m<[39m[33mButton[39m variant[33m=[39m[32m"outline"[39m onClick[33m=[39m{() [33m=>[39m setShowApiErrorDialog([36mfalse[39m)}[33m>[39m[0m {
  digest: [32m'503868172'[39m
}

[2025-05-22T18:43:53.060Z] [ERROR] [Next.js] ERROR:  [31m[1m⨯[22m[39m ReferenceError: handleCachedSeriesSelect is not defined
    at ChatWindow (src/components/chat/ChatWindow.tsx:625:42)
[0m [90m 623 |[39m           [33m<[39m[33mdiv[39m className[33m=[39m[32m"p-1"[39m[33m>[39m[0m
[0m [90m 624 |[39m             [33m<[39m[33mp[39m className[33m=[39m[32m"mb-4 text-sm text-muted-foreground"[39m[33m>[39m{apiErrorMessage}[33m<[39m[33m/[39m[33mp[39m[33m>[39m[0m
[0m[31m[1m>[22m[39m[90m 625 |[39m             [33m<[39m[33mCachedSeriesPicker[39m onSelect[33m=[39m{handleCachedSeriesSelect} [33m/[39m[33m>[39m[0m
[0m [90m     |[39m                                          [31m[1m^[22m[39m[0m
[0m [90m 626 |[39m           [33m<[39m[33m/[39m[33mdiv[39m[33m>[39m[0m
[0m [90m 627 |[39m           [33m<[39m[33mDialogFooter[39m[33m>[39m[0m
[0m [90m 628 |[39m             [33m<[39m[33mButton[39m variant[33m=[39m[32m"outline"[39m onClick[33m=[39m{() [33m=>[39m setShowApiErrorDialog([36mfalse[39m)}[33m>[39m[0m {
  digest: [32m'503868172'[39m
}

[2025-05-22T18:43:54.100Z] [ERROR] [Next.js] ERROR:  [31m[1m⨯[22m[39m ReferenceError: handleCachedSeriesSelect is not defined
    at ChatWindow (src/components/chat/ChatWindow.tsx:625:42)
[0m [90m 623 |[39m           [33m<[39m[33mdiv[39m className[33m=[39m[32m"p-1"[39m[33m>[39m[0m
[0m [90m 624 |[39m             [33m<[39m[33mp[39m className[33m=[39m[32m"mb-4 text-sm text-muted-foreground"[39m[33m>[39m{apiErrorMessage}[33m<[39m[33m/[39m[33mp[39m[33m>[39m[0m
[0m[31m[1m>[22m[39m[90m 625 |[39m             [33m<[39m[33mCachedSeriesPicker[39m onSelect[33m=[39m{handleCachedSeriesSelect} [33m/[39m[33m>[39m[0m
[0m [90m     |[39m                                          [31m[1m^[22m[39m[0m
[0m [90m 626 |[39m           [33m<[39m[33m/[39m[33mdiv[39m[33m>[39m[0m
[0m [90m 627 |[39m           [33m<[39m[33mDialogFooter[39m[33m>[39m[0m
[0m [90m 628 |[39m             [33m<[39m[33mButton[39m variant[33m=[39m[32m"outline"[39m onClick[33m=[39m{() [33m=>[39m setShowApiErrorDialog([36mfalse[39m)}[33m>[39m[0m {
  digest: [32m'503868172'[39m
}

[2025-05-22T18:43:55.142Z] [ERROR] [Next.js] ERROR:  [31m[1m⨯[22m[39m ReferenceError: handleCachedSeriesSelect is not defined
    at ChatWindow (src/components/chat/ChatWindow.tsx:625:42)
[0m [90m 623 |[39m           [33m<[39m[33mdiv[39m className[33m=[39m[32m"p-1"[39m[33m>[39m[0m
[0m [90m 624 |[39m             [33m<[39m[33mp[39m className[33m=[39m[32m"mb-4 text-sm text-muted-foreground"[39m[33m>[39m{apiErrorMessage}[33m<[39m[33m/[39m[33mp[39m[33m>[39m[0m
[0m[31m[1m>[22m[39m[90m 625 |[39m             [33m<[39m[33mCachedSeriesPicker[39m onSelect[33m=[39m{handleCachedSeriesSelect} [33m/[39m[33m>[39m[0m
[0m [90m     |[39m                                          [31m[1m^[22m[39m[0m
[0m [90m 626 |[39m           [33m<[39m[33m/[39m[33mdiv[39m[33m>[39m[0m
[0m [90m 627 |[39m           [33m<[39m[33mDialogFooter[39m[33m>[39m[0m
[0m [90m 628 |[39m             [33m<[39m[33mButton[39m variant[33m=[39m[32m"outline"[39m onClick[33m=[39m{() [33m=>[39m setShowApiErrorDialog([36mfalse[39m)}[33m>[39m[0m {
  digest: [32m'503868172'[39m
}

[2025-05-22T18:43:56.184Z] [ERROR] [Next.js] ERROR:  [31m[1m⨯[22m[39m ReferenceError: handleCachedSeriesSelect is not defined
    at ChatWindow (src/components/chat/ChatWindow.tsx:625:42)
[0m [90m 623 |[39m           [33m<[39m[33mdiv[39m className[33m=[39m[32m"p-1"[39m[33m>[39m[0m
[0m [90m 624 |[39m             [33m<[39m[33mp[39m className[33m=[39m[32m"mb-4 text-sm text-muted-foreground"[39m[33m>[39m{apiErrorMessage}[33m<[39m[33m/[39m[33mp[39m[33m>[39m[0m
[0m[31m[1m>[22m[39m[90m 625 |[39m             [33m<[39m[33mCachedSeriesPicker[39m onSelect[33m=[39m{handleCachedSeriesSelect} [33m/[39m[33m>[39m[0m
[0m [90m     |[39m                                          [31m[1m^[22m[39m[0m
[0m [90m 626 |[39m           [33m<[39m[33m/[39m[33mdiv[39m[33m>[39m[0m
[0m [90m 627 |[39m           [33m<[39m[33mDialogFooter[39m[33m>[39m[0m
[0m [90m 628 |[39m             [33m<[39m[33mButton[39m variant[33m=[39m[32m"outline"[39m onClick[33m=[39m{() [33m=>[39m setShowApiErrorDialog([36mfalse[39m)}[33m>[39m[0m {
  digest: [32m'503868172'[39m
}

[2025-05-22T18:43:57.225Z] [ERROR] [Next.js] ERROR:  [31m[1m⨯[22m[39m ReferenceError: handleCachedSeriesSelect is not defined
    at ChatWindow (src/components/chat/ChatWindow.tsx:625:42)
[0m [90m 623 |[39m           [33m<[39m[33mdiv[39m className[33m=[39m[32m"p-1"[39m[33m>[39m[0m
[0m [90m 624 |[39m             [33m<[39m[33mp[39m className[33m=[39m[32m"mb-4 text-sm text-muted-foreground"[39m[33m>[39m{apiErrorMessage}[33m<[39m[33m/[39m[33mp[39m[33m>[39m[0m
[0m[31m[1m>[22m[39m[90m 625 |[39m             [33m<[39m[33mCachedSeriesPicker[39m onSelect[33m=[39m{handleCachedSeriesSelect} [33m/[39m[33m>[39m[0m
[0m [90m     |[39m                                          [31m[1m^[22m[39m[0m
[0m [90m 626 |[39m           [33m<[39m[33m/[39m[33mdiv[39m[33m>[39m[0m
[0m [90m 627 |[39m           [33m<[39m[33mDialogFooter[39m[33m>[39m[0m
[0m [90m 628 |[39m             [33m<[39m[33mButton[39m variant[33m=[39m[32m"outline"[39m onClick[33m=[39m{() [33m=>[39m setShowApiErrorDialog([36mfalse[39m)}[33m>[39m[0m {
  digest: [32m'503868172'[39m
}

[2025-05-22T18:43:58.266Z] [ERROR] [Next.js] ERROR:  [31m[1m⨯[22m[39m ReferenceError: handleCachedSeriesSelect is not defined
    at ChatWindow (src/components/chat/ChatWindow.tsx:625:42)
[0m [90m 623 |[39m           [33m<[39m[33mdiv[39m className[33m=[39m[32m"p-1"[39m[33m>[39m[0m
[0m [90m 624 |[39m             [33m<[39m[33mp[39m className[33m=[39m[32m"mb-4 text-sm text-muted-foreground"[39m[33m>[39m{apiErrorMessage}[33m<[39m[33m/[39m[33mp[39m[33m>[39m[0m
[0m[31m[1m>[22m[39m[90m 625 |[39m             [33m<[39m[33mCachedSeriesPicker[39m onSelect[33m=[39m{handleCachedSeriesSelect} [33m/[39m[33m>[39m[0m
[0m [90m     |[39m                                          [31m[1m^[22m[39m[0m
[0m [90m 626 |[39m           [33m<[39m[33m/[39m[33mdiv[39m[33m>[39m[0m
[0m [90m 627 |[39m           [33m<[39m[33mDialogFooter[39m[33m>[39m[0m
[0m [90m 628 |[39m             [33m<[39m[33mButton[39m variant[33m=[39m[32m"outline"[39m onClick[33m=[39m{() [33m=>[39m setShowApiErrorDialog([36mfalse[39m)}[33m>[39m[0m {
  digest: [32m'503868172'[39m
}

[2025-05-22T18:43:59.306Z] [ERROR] [Next.js] ERROR:  [31m[1m⨯[22m[39m ReferenceError: handleCachedSeriesSelect is not defined
    at ChatWindow (src/components/chat/ChatWindow.tsx:625:42)
[0m [90m 623 |[39m           [33m<[39m[33mdiv[39m className[33m=[39m[32m"p-1"[39m[33m>[39m[0m
[0m [90m 624 |[39m             [33m<[39m[33mp[39m className[33m=[39m[32m"mb-4 text-sm text-muted-foreground"[39m[33m>[39m{apiErrorMessage}[33m<[39m[33m/[39m[33mp[39m[33m>[39m[0m
[0m[31m[1m>[22m[39m[90m 625 |[39m             [33m<[39m[33mCachedSeriesPicker[39m onSelect[33m=[39m{handleCachedSeriesSelect} [33m/[39m[33m>[39m[0m
[0m [90m     |[39m                                          [31m[1m^[22m[39m[0m
[0m [90m 626 |[39m           [33m<[39m[33m/[39m[33mdiv[39m[33m>[39m[0m
[0m [90m 627 |[39m           [33m<[39m[33mDialogFooter[39m[33m>[39m[0m
[0m [90m 628 |[39m             [33m<[39m[33mButton[39m variant[33m=[39m[32m"outline"[39m onClick[33m=[39m{() [33m=>[39m setShowApiErrorDialog([36mfalse[39m)}[33m>[39m[0m {
  digest: [32m'503868172'[39m
}

[2025-05-22T18:44:00.352Z] [ERROR] [Next.js] ERROR:  [31m[1m⨯[22m[39m ReferenceError: handleCachedSeriesSelect is not defined
    at ChatWindow (src/components/chat/ChatWindow.tsx:625:42)
[0m [90m 623 |[39m           [33m<[39m[33mdiv[39m className[33m=[39m[32m"p-1"[39m[33m>[39m[0m
[0m [90m 624 |[39m             [33m<[39m[33mp[39m className[33m=[39m[32m"mb-4 text-sm text-muted-foreground"[39m[33m>[39m{apiErrorMessage}[33m<[39m[33m/[39m[33mp[39m[33m>[39m[0m
[0m[31m[1m>[22m[39m[90m 625 |[39m             [33m<[39m[33mCachedSeriesPicker[39m onSelect[33m=[39m{handleCachedSeriesSelect} [33m/[39m[33m>[39m[0m
[0m [90m     |[39m                                          [31m[1m^[22m[39m[0m
[0m [90m 626 |[39m           [33m<[39m[33m/[39m[33mdiv[39m[33m>[39m[0m
[0m [90m 627 |[39m           [33m<[39m[33mDialogFooter[39m[33m>[39m[0m
[0m [90m 628 |[39m             [33m<[39m[33mButton[39m variant[33m=[39m[32m"outline"[39m onClick[33m=[39m{() [33m=>[39m setShowApiErrorDialog([36mfalse[39m)}[33m>[39m[0m {
  digest: [32m'503868172'[39m
}

[2025-05-22T18:44:01.404Z] [ERROR] [Next.js] ERROR:  [31m[1m⨯[22m[39m ReferenceError: handleCachedSeriesSelect is not defined
    at ChatWindow (src/components/chat/ChatWindow.tsx:625:42)
[0m [90m 623 |[39m           [33m<[39m[33mdiv[39m className[33m=[39m[32m"p-1"[39m[33m>[39m[0m
[0m [90m 624 |[39m             [33m<[39m[33mp[39m className[33m=[39m[32m"mb-4 text-sm text-muted-foreground"[39m[33m>[39m{apiErrorMessage}[33m<[39m[33m/[39m[33mp[39m[33m>[39m[0m
[0m[31m[1m>[22m[39m[90m 625 |[39m             [33m<[39m[33mCachedSeriesPicker[39m onSelect[33m=[39m{handleCachedSeriesSelect} [33m/[39m[33m>[39m[0m
[0m [90m     |[39m                                          [31m[1m^[22m[39m[0m
[0m [90m 626 |[39m           [33m<[39m[33m/[39m[33mdiv[39m[33m>[39m[0m
[0m [90m 627 |[39m           [33m<[39m[33mDialogFooter[39m[33m>[39m[0m
[0m [90m 628 |[39m             [33m<[39m[33mButton[39m variant[33m=[39m[32m"outline"[39m onClick[33m=[39m{() [33m=>[39m setShowApiErrorDialog([36mfalse[39m)}[33m>[39m[0m {
  digest: [32m'503868172'[39m
}

[2025-05-22T18:44:02.446Z] [ERROR] [Next.js] ERROR:  [31m[1m⨯[22m[39m ReferenceError: handleCachedSeriesSelect is not defined
    at ChatWindow (src/components/chat/ChatWindow.tsx:625:42)
[0m [90m 623 |[39m           [33m<[39m[33mdiv[39m className[33m=[39m[32m"p-1"[39m[33m>[39m[0m
[0m [90m 624 |[39m             [33m<[39m[33mp[39m className[33m=[39m[32m"mb-4 text-sm text-muted-foreground"[39m[33m>[39m{apiErrorMessage}[33m<[39m[33m/[39m[33mp[39m[33m>[39m[0m
[0m[31m[1m>[22m[39m[90m 625 |[39m             [33m<[39m[33mCachedSeriesPicker[39m onSelect[33m=[39m{handleCachedSeriesSelect} [33m/[39m[33m>[39m[0m
[0m [90m     |[39m                                          [31m[1m^[22m[39m[0m
[0m [90m 626 |[39m           [33m<[39m[33m/[39m[33mdiv[39m[33m>[39m[0m
[0m [90m 627 |[39m           [33m<[39m[33mDialogFooter[39m[33m>[39m[0m
[0m [90m 628 |[39m             [33m<[39m[33mButton[39m variant[33m=[39m[32m"outline"[39m onClick[33m=[39m{() [33m=>[39m setShowApiErrorDialog([36mfalse[39m)}[33m>[39m[0m {
  digest: [32m'503868172'[39m
}

[2025-05-22T18:44:03.485Z] [ERROR] [Next.js] ERROR:  [31m[1m⨯[22m[39m ReferenceError: handleCachedSeriesSelect is not defined
    at ChatWindow (src/components/chat/ChatWindow.tsx:625:42)
[0m [90m 623 |[39m           [33m<[39m[33mdiv[39m className[33m=[39m[32m"p-1"[39m[33m>[39m[0m
[0m [90m 624 |[39m             [33m<[39m[33mp[39m className[33m=[39m[32m"mb-4 text-sm text-muted-foreground"[39m[33m>[39m{apiErrorMessage}[33m<[39m[33m/[39m[33mp[39m[33m>[39m[0m
[0m[31m[1m>[22m[39m[90m 625 |[39m             [33m<[39m[33mCachedSeriesPicker[39m onSelect[33m=[39m{handleCachedSeriesSelect} [33m/[39m[33m>[39m[0m
[0m [90m     |[39m                                          [31m[1m^[22m[39m[0m
[0m [90m 626 |[39m           [33m<[39m[33m/[39m[33mdiv[39m[33m>[39m[0m
[0m [90m 627 |[39m           [33m<[39m[33mDialogFooter[39m[33m>[39m[0m
[0m [90m 628 |[39m             [33m<[39m[33mButton[39m variant[33m=[39m[32m"outline"[39m onClick[33m=[39m{() [33m=>[39m setShowApiErrorDialog([36mfalse[39m)}[33m>[39m[0m {
  digest: [32m'503868172'[39m
}

