[2025-05-23T04:16:44.944Z] [ERROR] ERROR: WARNING: /tool/retrieveLoreInfoTool already has an entry in the registry. Overwriting.

[2025-05-23T04:17:07.444Z] [ERROR] ERROR: WARNING: /prompt/generateBasicSeriesInfoPrompt already has an entry in the registry. Overwriting.
WARNING: /executable-prompt/generateBasicSeriesInfoPrompt already has an entry in the registry. Overwriting.

[2025-05-23T04:19:33.941Z] [ERROR] ERROR: WARNING: /prompt/generateBasicSeriesInfoPrompt already has an entry in the registry. Overwriting.
WARNING: /executable-prompt/generateBasicSeriesInfoPrompt already has an entry in the registry. Overwriting.

[2025-05-23T04:19:37.109Z] [ERROR] ERROR: WARNING: /prompt/generateBasicSeriesInfoPrompt already has an entry in the registry. Overwriting.
WARNING: /executable-prompt/generateBasicSeriesInfoPrompt already has an entry in the registry. Overwriting.

[2025-05-23T04:19:40.277Z] [ERROR] ERROR: WARNING: /prompt/generateLorebookSummaryPrompt already has an entry in the registry. Overwriting.
WARNING: /executable-prompt/generateLorebookSummaryPrompt already has an entry in the registry. Overwriting.

[2025-05-23T04:19:41.816Z] [ERROR] ERROR: WARNING: /prompt/generateMajorLocationsEntriesPrompt already has an entry in the registry. Overwriting.
WARNING: /executable-prompt/generateMajorLocationsEntriesPrompt already has an entry in the registry. Overwriting.
WARNING: /prompt/generateSimplifiedMajorLocationsEntriesPrompt already has an entry in the registry. Overwriting.
WARNING: /executable-prompt/generateSimplifiedMajorLocationsEntriesPrompt already has an entry in the registry. Overwriting.

[2025-05-23T04:19:41.816Z] [ERROR] ERROR: WARNING: /prompt/generateMinorLocationsEntriesPrompt already has an entry in the registry. Overwriting.
WARNING: /executable-prompt/generateMinorLocationsEntriesPrompt already has an entry in the registry. Overwriting.
WARNING: /prompt/generateSimplifiedMinorLocationsEntriesPrompt already has an entry in the registry. Overwriting.
WARNING: /executable-prompt/generateSimplifiedMinorLocationsEntriesPrompt already has an entry in the registry. Overwriting.

[2025-05-23T04:19:47.005Z] [ERROR] ERROR: WARNING: /prompt/generateKeyCharacters&NPCsEntriesPrompt already has an entry in the registry. Overwriting.

[2025-05-23T04:19:47.005Z] [ERROR] ERROR: WARNING: /executable-prompt/generateKeyCharacters&NPCsEntriesPrompt already has an entry in the registry. Overwriting.
WARNING: /prompt/generateSimplifiedKeyCharacters&NPCsEntriesPrompt already has an entry in the registry. Overwriting.
WARNING: /executable-prompt/generateSimplifiedKeyCharacters&NPCsEntriesPrompt already has an entry in the registry. Overwriting.
WARNING: /prompt/generateSupportingCharactersEntriesPrompt already has an entry in the registry. Overwriting.
WARNING: /executable-prompt/generateSupportingCharactersEntriesPrompt already has an entry in the registry. Overwriting.
WARNING: /prompt/generateSimplifiedSupportingCharactersEntriesPrompt already has an entry in the registry. Overwriting.
WARNING: /executable-prompt/generateSimplifiedSupportingCharactersEntriesPrompt already has an entry in the registry. Overwriting.

[2025-05-23T04:19:51.714Z] [ERROR] ERROR: WARNING: /prompt/generateHistoricalEventsEntriesPrompt already has an entry in the registry. Overwriting.

[2025-05-23T04:19:51.714Z] [ERROR] ERROR: WARNING: /executable-prompt/generateHistoricalEventsEntriesPrompt already has an entry in the registry. Overwriting.
WARNING: /prompt/generateSimplifiedHistoricalEventsEntriesPrompt already has an entry in the registry. Overwriting.
WARNING: /executable-prompt/generateSimplifiedHistoricalEventsEntriesPrompt already has an entry in the registry. Overwriting.
WARNING: /prompt/generateRecentEventsEntriesPrompt already has an entry in the registry. Overwriting.
WARNING: /executable-prompt/generateRecentEventsEntriesPrompt already has an entry in the registry. Overwriting.
WARNING: /prompt/generateSimplifiedRecentEventsEntriesPrompt already has an entry in the registry. Overwriting.
WARNING: /executable-prompt/generateSimplifiedRecentEventsEntriesPrompt already has an entry in the registry. Overwriting.

[2025-05-23T04:19:56.119Z] [ERROR] ERROR: WARNING: /prompt/generateMagicSystems&UniqueTechnologiesEntriesPrompt already has an entry in the registry. Overwriting.
WARNING: /executable-prompt/generateMagicSystems&UniqueTechnologiesEntriesPrompt already has an entry in the registry. Overwriting.

[2025-05-23T04:19:56.119Z] [ERROR] ERROR: WARNING: /prompt/generateSimplifiedMagicSystems&UniqueTechnologiesEntriesPrompt already has an entry in the registry. Overwriting.
WARNING: /executable-prompt/generateSimplifiedMagicSystems&UniqueTechnologiesEntriesPrompt already has an entry in the registry. Overwriting.
WARNING: /prompt/generateFactions&OrganizationsEntriesPrompt already has an entry in the registry. Overwriting.
WARNING: /executable-prompt/generateFactions&OrganizationsEntriesPrompt already has an entry in the registry. Overwriting.
WARNING: /prompt/generateSimplifiedFactions&OrganizationsEntriesPrompt already has an entry in the registry. Overwriting.
WARNING: /executable-prompt/generateSimplifiedFactions&OrganizationsEntriesPrompt already has an entry in the registry. Overwriting.

[2025-05-23T04:20:00.419Z] [ERROR] ERROR: WARNING: /prompt/generateCreatures&RacesEntriesPrompt already has an entry in the registry. Overwriting.
WARNING: /executable-prompt/generateCreatures&RacesEntriesPrompt already has an entry in the registry. Overwriting.

[2025-05-23T04:20:00.419Z] [ERROR] ERROR: WARNING: /prompt/generateSimplifiedCreatures&RacesEntriesPrompt already has an entry in the registry. Overwriting.
WARNING: /executable-prompt/generateSimplifiedCreatures&RacesEntriesPrompt already has an entry in the registry. Overwriting.
WARNING: /prompt/generateCulturalNotesEntriesPrompt already has an entry in the registry. Overwriting.
WARNING: /executable-prompt/generateCulturalNotesEntriesPrompt already has an entry in the registry. Overwriting.
WARNING: /prompt/generateSimplifiedCulturalNotesEntriesPrompt already has an entry in the registry. Overwriting.
WARNING: /executable-prompt/generateSimplifiedCulturalNotesEntriesPrompt already has an entry in the registry. Overwriting.

[2025-05-23T04:20:05.642Z] [ERROR] ERROR: WARNING: /prompt/generateImportantItems&ArtifactsEntriesPrompt already has an entry in the registry. Overwriting.

[2025-05-23T04:20:05.642Z] [ERROR] ERROR: WARNING: /executable-prompt/generateImportantItems&ArtifactsEntriesPrompt already has an entry in the registry. Overwriting.
WARNING: /prompt/generateSimplifiedImportantItems&ArtifactsEntriesPrompt already has an entry in the registry. Overwriting.
WARNING: /executable-prompt/generateSimplifiedImportantItems&ArtifactsEntriesPrompt already has an entry in the registry. Overwriting.
WARNING: /prompt/generateMythology&LegendsEntriesPrompt already has an entry in the registry. Overwriting.
WARNING: /executable-prompt/generateMythology&LegendsEntriesPrompt already has an entry in the registry. Overwriting.

[2025-05-23T04:20:05.642Z] [ERROR] ERROR: WARNING: /prompt/generateSimplifiedMythology&LegendsEntriesPrompt already has an entry in the registry. Overwriting.
WARNING: /executable-prompt/generateSimplifiedMythology&LegendsEntriesPrompt already has an entry in the registry. Overwriting.

[2025-05-23T04:20:10.352Z] [ERROR] ERROR: WARNING: /prompt/generatePoliticalLandscapeEntriesPrompt already has an entry in the registry. Overwriting.

[2025-05-23T04:20:10.352Z] [ERROR] ERROR: WARNING: /executable-prompt/generatePoliticalLandscapeEntriesPrompt already has an entry in the registry. Overwriting.
WARNING: /prompt/generateSimplifiedPoliticalLandscapeEntriesPrompt already has an entry in the registry. Overwriting.
WARNING: /executable-prompt/generateSimplifiedPoliticalLandscapeEntriesPrompt already has an entry in the registry. Overwriting.

[2025-05-23T04:20:14.199Z] [ERROR] ERROR: WARNING: /prompt/generateCharacterNetworkPrompt already has an entry in the registry. Overwriting.
WARNING: /executable-prompt/generateCharacterNetworkPrompt already has an entry in the registry. Overwriting.

[2025-05-23T04:20:21.020Z] [ERROR] ERROR: WARNING: /prompt/generateQuestInteractionPrompt already has an entry in the registry. Overwriting.
WARNING: /executable-prompt/generateQuestInteractionPrompt already has an entry in the registry. Overwriting.

